{
  "cell_type": {
    "data": [
      {
        "Boundary": "NoSlip"
      },
      {
        "Boundary": {
          "Inflow": {
            "velocity": [
              1.0,
              0.0
            ]
          }
        }
      },
      {
        "Boundary": "NoSlip"
      },
      {
        "Boundary": "NoSlip"
      },
      "Fluid",
      {
        "Boundary": "NoSlip"
      },
      {
        "Boundary": "NoSlip"
      },
      "Fluid",
      {
        "Boundary": "NoSlip"
      },
      {
        "Boundary": "NoSlip"
      },
      {
        "Boundary": "Outflow"
      },
      {
        "Boundary": "NoSlip"
      }
    ],
    "dim": [
      4,
      3
    ],
    "v": 1
  },
  "pressure": {
    "data": [
      0.0,
      0.2539642899437815,
      0.0,
      0.2539642899437815,
      0.2539669433626628,
      0.2539642899437815,
      -0.1460294667176743,
      -0.14603099243353101,
      -0.1460294667176743,
      0.0,
      -0.1460294667176743,
      0.0
    ],
    "dim": [
      4,
      3
    ],
    "v": 1
  },
  "size": [
    4,
    3
  ],
  "u": {
    "data": [
      -0.999998967898097,
      1.0,
      -0.999998967898097,
      -0.999998967898097,
      0.999998967898097,
      -0.999998967898097,
      -0.999998967898097,
      0.999998967898097,
      -0.999998967898097,
      -1.0,
      1.0,
      -1.0
    ],
    "dim": [
      4,
      3
    ],
    "v": 1
  },
  "v": {
    "data": [
      0.0,
      0.0,
      0.0,
      0.0,
      0.0,
      0.0,
      0.0,
      0.0,
      0.0,
      0.0,
      0.0,
      0.0
    ],
    "dim": [
      4,
      3
    ],
    "v": 1
  }
}
