---
source: src/simulation.rs
expression: sim.g
---
{
  "v": 1,
  "dim": [
    4,
    3
  ],
  "data": [
    0.0,
    -0.0,
    0.0,
    0.0,
    0.0,
    0.0,
    0.0,
    0.0,
    0.0,
    0.0,
    0.0,
    0.0
  ]
}
